=== Verify ===
Public statement: x^3 + x + 5 = Out
Out = 36
(enter) Call to r1cs_gg_ppzksnark_verifier_strong_IC	[             ]	(1776766481.3033s x0.00 from start)
  (enter) Call to r1cs_gg_ppzksnark_verifier_process_vk	[             ]	(1776766481.3033s x0.00 from start)
    (enter) Call to alt_bn128_ate_precompute_G2	[             ]	(1776766481.3033s x0.00 from start)
    (leave) Call to alt_bn128_ate_precompute_G2	[0.0002s x1.00]	(1776766481.3036s x0.00 from start)
    (enter) Call to alt_bn128_ate_precompute_G2	[             ]	(1776766481.3036s x0.00 from start)
    (leave) Call to alt_bn128_ate_precompute_G2	[0.0003s x1.00]	(1776766481.3038s x0.00 from start)
  (leave) Call to r1cs_gg_ppzksnark_verifier_process_vk	[0.0005s x1.00]	(1776766481.3038s x0.00 from start)
  (enter) Call to r1cs_gg_ppzksnark_online_verifier_strong_IC	[             ]	(1776766481.3039s x0.00 from start)
    (enter) Call to r1cs_gg_ppzksnark_online_verifier_weak_IC	[             ]	(1776766481.3039s x0.00 from start)
      (enter) Accumulate input                   	[             ]	(1776766481.3039s x0.00 from start)
      (leave) Accumulate input                   	[0.0000s x1.02]	(1776766481.3039s x0.00 from start)
      (enter) Check if the proof is well-formed  	[             ]	(1776766481.3039s x0.00 from start)
      (leave) Check if the proof is well-formed  	[0.0000s x1.03]	(1776766481.3039s x0.00 from start)
      (enter) Online pairing computations        	[             ]	(1776766481.3039s x0.00 from start)
        (enter) Check QAP divisibility             	[             ]	(1776766481.3039s x0.00 from start)
          (enter) Call to alt_bn128_ate_precompute_G1	[             ]	(1776766481.3039s x0.00 from start)
          (leave) Call to alt_bn128_ate_precompute_G1	[0.0000s x1.02]	(1776766481.3039s x0.00 from start)
          (enter) Call to alt_bn128_ate_precompute_G2	[             ]	(1776766481.3039s x0.00 from start)
          (leave) Call to alt_bn128_ate_precompute_G2	[0.0002s x1.00]	(1776766481.3041s x0.00 from start)
          (enter) Call to alt_bn128_ate_precompute_G1	[             ]	(1776766481.3041s x0.00 from start)
          (leave) Call to alt_bn128_ate_precompute_G1	[0.0000s x1.04]	(1776766481.3041s x0.00 from start)
          (enter) Call to alt_bn128_ate_precompute_G1	[             ]	(1776766481.3041s x0.00 from start)
          (leave) Call to alt_bn128_ate_precompute_G1	[0.0000s x1.02]	(1776766481.3041s x0.00 from start)
          (enter) Call to alt_bn128_ate_miller_loop  	[             ]	(1776766481.3041s x0.00 from start)
          (leave) Call to alt_bn128_ate_miller_loop  	[0.0006s x1.00]	(1776766481.3047s x0.00 from start)
          (enter) Call to alt_bn128_ate_double_miller_loop	[             ]	(1776766481.3047s x0.00 from start)
          (leave) Call to alt_bn128_ate_double_miller_loop	[0.0010s x1.00]	(1776766481.3057s x0.00 from start)
          (enter) Call to alt_bn128_final_exponentiation	[             ]	(1776766481.3058s x0.00 from start)
            (enter) Call to alt_bn128_final_exponentiation_first_chunk	[             ]	(1776766481.3058s x0.00 from start)
            (leave) Call to alt_bn128_final_exponentiation_first_chunk	[0.0000s x1.01]	(1776766481.3058s x0.00 from start)
            (enter) Call to alt_bn128_final_exponentiation_last_chunk	[             ]	(1776766481.3058s x0.00 from start)
              (enter) Call to alt_bn128_exp_by_neg_z     	[             ]	(1776766481.3058s x0.00 from start)
              (leave) Call to alt_bn128_exp_by_neg_z     	[0.0003s x1.00]	(1776766481.3061s x0.00 from start)
              (enter) Call to alt_bn128_exp_by_neg_z     	[             ]	(1776766481.3061s x0.00 from start)
              (leave) Call to alt_bn128_exp_by_neg_z     	[0.0003s x1.00]	(1776766481.3064s x0.00 from start)
              (enter) Call to alt_bn128_exp_by_neg_z     	[             ]	(1776766481.3065s x0.00 from start)
              (leave) Call to alt_bn128_exp_by_neg_z     	[0.0003s x1.00]	(1776766481.3068s x0.00 from start)
            (leave) Call to alt_bn128_final_exponentiation_last_chunk	[0.0010s x1.00]	(1776766481.3068s x0.00 from start)
          (leave) Call to alt_bn128_final_exponentiation	[0.0011s x1.00]	(1776766481.3068s x0.00 from start)
          QAP divisibility check failed.
        (leave) Check QAP divisibility             	[0.0030s x1.00]	(1776766481.3068s x0.00 from start)
      (leave) Online pairing computations        	[0.0030s x1.00]	(1776766481.3068s x0.00 from start)
    (leave) Call to r1cs_gg_ppzksnark_online_verifier_weak_IC	[0.0030s x1.00]	(1776766481.3068s x0.00 from start)
  (leave) Call to r1cs_gg_ppzksnark_online_verifier_strong_IC	[0.0030s x1.00]	(1776766481.3068s x0.00 from start)
(leave) Call to r1cs_gg_ppzksnark_verifier_strong_IC	[0.0035s x1.00]	(1776766481.3068s x0.00 from start)
Verification result: 0
